---
http_interactions:
- request:
    method: post
    uri: "<DOCKER_HOST>/v1.16/containers/create?name=foo"
    body:
      encoding: UTF-8
      string: '{"Cmd":["true"],"Image":"debian:wheezy"}'
    headers:
      User-Agent:
      - Swipely/Docker-API 1.23.0
      Content-Type:
      - application/json
  response:
    status:
      code: 201
      message: 
    headers:
      Content-Type:
      - application/json
      Server:
      - Docker/1.9.0 (linux)
      Date:
      - Fri, 20 Nov 2015 16:36:11 GMT
      Content-Length:
      - '90'
    body:
      encoding: UTF-8
      string: |
        {"Id":"ebf93eb4db8fed42bb1f0c0ae0128d14bf11ca898cfccc15f035af1a0ad13f68","Warnings":null}
    http_version: 
  recorded_at: Fri, 20 Nov 2015 16:36:11 GMT
- request:
    method: post
    uri: "<DOCKER_HOST>/v1.16/containers/ebf93eb4db8fed42bb1f0c0ae0128d14bf11ca898cfccc15f035af1a0ad13f68/start"
    body:
      encoding: UTF-8
      string: "{}"
    headers:
      User-Agent:
      - Swipely/Docker-API 1.23.0
      Content-Type:
      - application/json
  response:
    status:
      code: 204
      message: 
    headers:
      Server:
      - Docker/1.9.0 (linux)
      Date:
      - Fri, 20 Nov 2015 16:36:11 GMT
    body:
      encoding: UTF-8
      string: ''
    http_version: 
  recorded_at: Fri, 20 Nov 2015 16:36:11 GMT
- request:
    method: post
    uri: "<DOCKER_HOST>/v1.16/containers/ebf93eb4db8fed42bb1f0c0ae0128d14bf11ca898cfccc15f035af1a0ad13f68/rename?name=bar"
    body:
      encoding: US-ASCII
      string: ''
    headers:
      User-Agent:
      - Swipely/Docker-API 1.23.0
      Content-Type:
      - text/plain
  response:
    status:
      code: 204
      message: 
    headers:
      Server:
      - Docker/1.9.0 (linux)
      Date:
      - Fri, 20 Nov 2015 16:36:12 GMT
    body:
      encoding: UTF-8
      string: ''
    http_version: 
  recorded_at: Fri, 20 Nov 2015 16:36:12 GMT
- request:
    method: get
    uri: "<DOCKER_HOST>/v1.16/containers/ebf93eb4db8fed42bb1f0c0ae0128d14bf11ca898cfccc15f035af1a0ad13f68/json"
    body:
      encoding: US-ASCII
      string: ''
    headers:
      User-Agent:
      - Swipely/Docker-API 1.23.0
      Content-Type:
      - text/plain
  response:
    status:
      code: 200
      message: 
    headers:
      Content-Type:
      - application/json
      Server:
      - Docker/1.9.0 (linux)
      Date:
      - Fri, 20 Nov 2015 16:36:12 GMT
    body:
      encoding: UTF-8
      string: |
        {"Id":"ebf93eb4db8fed42bb1f0c0ae0128d14bf11ca898cfccc15f035af1a0ad13f68","Created":"2015-11-20T16:36:10.078686764Z","Path":"true","Args":[],"State":{"Status":"exited","Running":false,"Paused":false,"Restarting":false,"OOMKilled":false,"Dead":false,"Pid":0,"ExitCode":0,"Error":"","StartedAt":"2015-11-20T16:36:11.785517206Z","FinishedAt":"2015-11-20T16:36:12.168752047Z"},"Image":"b4c4e8b590a7f35f98b73b02f8f1db4850f907619770fd09ed3d489e671f7f38","ResolvConfPath":"/var/lib/docker/containers/ebf93eb4db8fed42bb1f0c0ae0128d14bf11ca898cfccc15f035af1a0ad13f68/resolv.conf","HostnamePath":"/var/lib/docker/containers/ebf93eb4db8fed42bb1f0c0ae0128d14bf11ca898cfccc15f035af1a0ad13f68/hostname","HostsPath":"/var/lib/docker/containers/ebf93eb4db8fed42bb1f0c0ae0128d14bf11ca898cfccc15f035af1a0ad13f68/hosts","LogPath":"/var/lib/docker/containers/ebf93eb4db8fed42bb1f0c0ae0128d14bf11ca898cfccc15f035af1a0ad13f68/ebf93eb4db8fed42bb1f0c0ae0128d14bf11ca898cfccc15f035af1a0ad13f68-json.log","Name":"/bar","RestartCount":0,"Driver":"devicemapper","ExecDriver":"native-0.2","MountLabel":"","ProcessLabel":"","AppArmorProfile":"","ExecIDs":null,"HostConfig":{"Binds":null,"ContainerIDFile":"","LxcConf":null,"Memory":0,"MemoryReservation":0,"MemorySwap":0,"KernelMemory":0,"CpuShares":0,"CpuPeriod":0,"CpusetCpus":"","CpusetMems":"","CpuQuota":0,"BlkioWeight":0,"OomKillDisable":false,"MemorySwappiness":null,"Privileged":false,"PortBindings":null,"Links":null,"PublishAllPorts":false,"Dns":null,"DnsOptions":null,"DnsSearch":null,"ExtraHosts":null,"VolumesFrom":null,"Devices":null,"NetworkMode":"default","IpcMode":"","PidMode":"","UTSMode":"","CapAdd":null,"CapDrop":null,"GroupAdd":null,"RestartPolicy":{"Name":"","MaximumRetryCount":0},"SecurityOpt":null,"ReadonlyRootfs":false,"Ulimits":null,"LogConfig":{"Type":"json-file","Config":{}},"CgroupParent":"","ConsoleSize":[0,0],"VolumeDriver":""},"GraphDriver":{"Name":"devicemapper","Data":{"DeviceId":"2714","DeviceName":"docker-253:2-1577924-ebf93eb4db8fed42bb1f0c0ae0128d14bf11ca898cfccc15f035af1a0ad13f68","DeviceSize":"10737418240"}},"Volumes":{},"VolumesRW":{},"Config":{"Hostname":"ebf93eb4db8f","Domainname":"","User":"","AttachStdin":false,"AttachStdout":false,"AttachStderr":false,"Tty":false,"OpenStdin":false,"StdinOnce":false,"Env":null,"Cmd":["true"],"Image":"debian:wheezy","Volumes":null,"WorkingDir":"","Entrypoint":null,"OnBuild":null,"Labels":{},"MacAddress":"","NetworkDisabled":false,"ExposedPorts":null,"VolumeDriver":"","Memory":0,"MemorySwap":0,"CpuShares":0,"Cpuset":""},"NetworkSettings":{"Bridge":"","SandboxID":"","HairpinMode":false,"LinkLocalIPv6Address":"","LinkLocalIPv6PrefixLen":0,"Ports":null,"SandboxKey":"","SecondaryIPAddresses":null,"SecondaryIPv6Addresses":null,"EndpointID":"","Gateway":"","GlobalIPv6Address":"","GlobalIPv6PrefixLen":0,"IPAddress":"","IPPrefixLen":0,"IPv6Gateway":"","MacAddress":""}}
    http_version: 
  recorded_at: Fri, 20 Nov 2015 16:36:12 GMT
- request:
    method: post
    uri: "<DOCKER_HOST>/v1.16/containers/ebf93eb4db8fed42bb1f0c0ae0128d14bf11ca898cfccc15f035af1a0ad13f68/kill"
    body:
      encoding: US-ASCII
      string: ''
    headers:
      User-Agent:
      - Swipely/Docker-API 1.23.0
      Content-Type:
      - text/plain
  response:
    status:
      code: 204
      message: 
    headers:
      Server:
      - Docker/1.9.0 (linux)
      Date:
      - Fri, 20 Nov 2015 16:36:12 GMT
    body:
      encoding: UTF-8
      string: ''
    http_version: 
  recorded_at: Fri, 20 Nov 2015 16:36:12 GMT
- request:
    method: delete
    uri: "<DOCKER_HOST>/v1.16/containers/ebf93eb4db8fed42bb1f0c0ae0128d14bf11ca898cfccc15f035af1a0ad13f68"
    body:
      encoding: US-ASCII
      string: ''
    headers:
      User-Agent:
      - Swipely/Docker-API 1.23.0
      Content-Type:
      - text/plain
  response:
    status:
      code: 204
      message: 
    headers:
      Server:
      - Docker/1.9.0 (linux)
      Date:
      - Fri, 20 Nov 2015 16:36:13 GMT
    body:
      encoding: UTF-8
      string: ''
    http_version: 
  recorded_at: Fri, 20 Nov 2015 16:36:13 GMT
recorded_with: VCR 3.0.0
