---
http_interactions:
- request:
    method: post
    uri: unix:///var/run/docker.sock/v1.10/containers/create
    body:
      encoding: UTF-8
      string: "{\"Cmd\":[\"sleep\",\"50\"],\"Image\":\"base\"}"
    headers:
      User-Agent:
      - Swipely/Docker-API 1.10.4
      Content-Type:
      - application/json
  response:
    status:
      code: 201
      message: 
    headers:
      Content-Type:
      - application/json
      Date:
      - Tue, 25 Mar 2014 19:40:29 GMT
      Content-Length:
      - '90'
      Connection:
      - close
    body:
      encoding: UTF-8
      string: |
        {"Id":"dd9ce8765f30217110bc128c48b5fa2523ff8a81f8c22065b876fcd9fbada049","Warnings":null}
    http_version: 
  recorded_at: Tue, 25 Mar 2014 19:40:29 GMT
- request:
    method: post
    uri: unix:///var/run/docker.sock/v1.10/containers/dd9ce8765f30217110bc128c48b5fa2523ff8a81f8c22065b876fcd9fbada049/start
    body:
      encoding: UTF-8
      string: "{}"
    headers:
      User-Agent:
      - Swipely/Docker-API 1.10.4
      Content-Type:
      - application/json
  response:
    status:
      code: 204
      message: 
    headers:
      Date:
      - Tue, 25 Mar 2014 19:40:29 GMT
      Content-Length:
      - '0'
      Content-Type:
      - text/plain; charset=utf-8
      Connection:
      - close
    body:
      encoding: UTF-8
      string: ''
    http_version: 
  recorded_at: Tue, 25 Mar 2014 19:40:29 GMT
- request:
    method: get
    uri: unix:///var/run/docker.sock/v1.10/containers/json
    body:
      encoding: US-ASCII
      string: ''
    headers:
      User-Agent:
      - Swipely/Docker-API 1.10.4
      Content-Type:
      - text/plain
  response:
    status:
      code: 200
      message: 
    headers:
      Content-Type:
      - application/json
      Date:
      - Tue, 25 Mar 2014 19:40:29 GMT
      Content-Length:
      - '622'
      Connection:
      - close
    body:
      encoding: UTF-8
      string: |-
        [{"Command":"sleep 50","Created":1395776428,"Id":"dd9ce8765f30217110bc128c48b5fa2523ff8a81f8c22065b876fcd9fbada049","Image":"base:latest","Names":["/hungry_babbage"],"Ports":[],"Status":"Up Less than a second"}
        ,{"Command":"/while","Created":1395776418,"Id":"71b2a85ea47b97d8a03e078b6c5d1cd6817ddd1dff8275b37434ec0891b9b1fc","Image":"a759b7d59ed7","Names":["/trusting_engelbart"],"Ports":[],"Status":"Up 10 seconds"}
        ,{"Command":"/while","Created":1395775511,"Id":"7af298261123d9fe98f4c6f9898e47a7c27e6034bc9bad5fa24c03f0e6333425","Image":"a759b7d59ed7","Names":["/agitated_wozniak"],"Ports":[],"Status":"Up 15 minutes"}
        ]
    http_version: 
  recorded_at: Tue, 25 Mar 2014 19:40:29 GMT
- request:
    method: post
    uri: unix:///var/run/docker.sock/v1.10/containers/dd9ce8765f30217110bc128c48b5fa2523ff8a81f8c22065b876fcd9fbada049/stop
    body:
      encoding: UTF-8
      string: "{}"
    headers:
      User-Agent:
      - Swipely/Docker-API 1.10.4
      Content-Type:
      - application/json
  response:
    status:
      code: 204
      message: 
    headers:
      Date:
      - Tue, 25 Mar 2014 19:40:29 GMT
      Content-Length:
      - '0'
      Content-Type:
      - text/plain; charset=utf-8
      Connection:
      - close
    body:
      encoding: UTF-8
      string: ''
    http_version: 
  recorded_at: Tue, 25 Mar 2014 19:40:29 GMT
- request:
    method: get
    uri: unix:///var/run/docker.sock/v1.10/containers/json
    body:
      encoding: US-ASCII
      string: ''
    headers:
      User-Agent:
      - Swipely/Docker-API 1.10.4
      Content-Type:
      - text/plain
  response:
    status:
      code: 200
      message: 
    headers:
      Content-Type:
      - application/json
      Date:
      - Tue, 25 Mar 2014 19:40:29 GMT
      Content-Length:
      - '411'
      Connection:
      - close
    body:
      encoding: UTF-8
      string: |-
        [{"Command":"/while","Created":1395776418,"Id":"71b2a85ea47b97d8a03e078b6c5d1cd6817ddd1dff8275b37434ec0891b9b1fc","Image":"a759b7d59ed7","Names":["/trusting_engelbart"],"Ports":[],"Status":"Up 10 seconds"}
        ,{"Command":"/while","Created":1395775511,"Id":"7af298261123d9fe98f4c6f9898e47a7c27e6034bc9bad5fa24c03f0e6333425","Image":"a759b7d59ed7","Names":["/agitated_wozniak"],"Ports":[],"Status":"Up 15 minutes"}
        ]
    http_version: 
  recorded_at: Tue, 25 Mar 2014 19:40:29 GMT
- request:
    method: post
    uri: unix:///var/run/docker.sock/v1.10/containers/dd9ce8765f30217110bc128c48b5fa2523ff8a81f8c22065b876fcd9fbada049/restart?t=10
    body:
      encoding: UTF-8
      string: "{\"timeout\":\"10\"}"
    headers:
      User-Agent:
      - Swipely/Docker-API 1.10.4
      Content-Type:
      - application/json
  response:
    status:
      code: 204
      message: 
    headers:
      Date:
      - Tue, 25 Mar 2014 19:40:29 GMT
      Content-Length:
      - '0'
      Content-Type:
      - text/plain; charset=utf-8
      Connection:
      - close
    body:
      encoding: UTF-8
      string: ''
    http_version: 
  recorded_at: Tue, 25 Mar 2014 19:40:29 GMT
- request:
    method: get
    uri: unix:///var/run/docker.sock/v1.10/containers/json
    body:
      encoding: US-ASCII
      string: ''
    headers:
      User-Agent:
      - Swipely/Docker-API 1.10.4
      Content-Type:
      - text/plain
  response:
    status:
      code: 200
      message: 
    headers:
      Content-Type:
      - application/json
      Date:
      - Tue, 25 Mar 2014 19:40:29 GMT
      Content-Length:
      - '622'
      Connection:
      - close
    body:
      encoding: UTF-8
      string: |-
        [{"Command":"sleep 50","Created":1395776428,"Id":"dd9ce8765f30217110bc128c48b5fa2523ff8a81f8c22065b876fcd9fbada049","Image":"base:latest","Names":["/hungry_babbage"],"Ports":[],"Status":"Up Less than a second"}
        ,{"Command":"/while","Created":1395776418,"Id":"71b2a85ea47b97d8a03e078b6c5d1cd6817ddd1dff8275b37434ec0891b9b1fc","Image":"a759b7d59ed7","Names":["/trusting_engelbart"],"Ports":[],"Status":"Up 10 seconds"}
        ,{"Command":"/while","Created":1395775511,"Id":"7af298261123d9fe98f4c6f9898e47a7c27e6034bc9bad5fa24c03f0e6333425","Image":"a759b7d59ed7","Names":["/agitated_wozniak"],"Ports":[],"Status":"Up 15 minutes"}
        ]
    http_version: 
  recorded_at: Tue, 25 Mar 2014 19:40:29 GMT
recorded_with: VCR 2.8.0
