---
http_interactions:
- request:
    method: post
    uri: unix:///var/run/docker.sock/v1.10/containers/create
    body:
      encoding: UTF-8
      string: "{\"Cmd\":[\"sleep\",\"5\"],\"Image\":\"base\"}"
    headers:
      User-Agent:
      - Swipely/Docker-API 1.10.4
      Content-Type:
      - application/json
  response:
    status:
      code: 201
      message: 
    headers:
      Content-Type:
      - application/json
      Date:
      - Tue, 25 Mar 2014 19:40:30 GMT
      Content-Length:
      - '90'
      Connection:
      - close
    body:
      encoding: UTF-8
      string: |
        {"Id":"a63ee149390ec9feb75b8246f2664efe7553f895d4207b7ff9717b3df1c3fbe1","Warnings":null}
    http_version: 
  recorded_at: Tue, 25 Mar 2014 19:40:30 GMT
- request:
    method: post
    uri: unix:///var/run/docker.sock/v1.10/containers/a63ee149390ec9feb75b8246f2664efe7553f895d4207b7ff9717b3df1c3fbe1/start
    body:
      encoding: UTF-8
      string: "{}"
    headers:
      User-Agent:
      - Swipely/Docker-API 1.10.4
      Content-Type:
      - application/json
  response:
    status:
      code: 204
      message: 
    headers:
      Date:
      - Tue, 25 Mar 2014 19:40:30 GMT
      Content-Length:
      - '0'
      Content-Type:
      - text/plain; charset=utf-8
      Connection:
      - close
    body:
      encoding: UTF-8
      string: ''
    http_version: 
  recorded_at: Tue, 25 Mar 2014 19:40:30 GMT
- request:
    method: post
    uri: unix:///var/run/docker.sock/v1.10/containers/a63ee149390ec9feb75b8246f2664efe7553f895d4207b7ff9717b3df1c3fbe1/wait
    body:
      encoding: US-ASCII
      string: ''
    headers:
      User-Agent:
      - Swipely/Docker-API 1.10.4
      Content-Type:
      - text/plain
  response:
    status:
      code: 200
      message: 
    headers:
      Content-Type:
      - application/json
      Date:
      - Tue, 25 Mar 2014 19:40:35 GMT
      Content-Length:
      - '17'
      Connection:
      - close
    body:
      encoding: UTF-8
      string: |
        {"StatusCode":0}
    http_version: 
  recorded_at: Tue, 25 Mar 2014 19:40:35 GMT
recorded_with: VCR 2.8.0
