---
http_interactions:
- request:
    method: post
    uri: "<DOCKER_HOST>/v1.16/containers/create"
    body:
      encoding: UTF-8
      string: '{"Cmd":["sleep","300"],"Image":"debian:wheezy"}'
    headers:
      User-Agent:
      - Swipely/Docker-API 1.17.0
      Content-Type:
      - application/json
  response:
    status:
      code: 201
      message: 
    headers:
      Content-Type:
      - application/json
      Date:
      - Tue, 16 Dec 2014 22:01:48 GMT
      Content-Length:
      - '90'
    body:
      encoding: UTF-8
      string: |
        {"Id":"892c37428bd47589f5cb3b96d3430c80f34d7bcc011c4f9818d04fa42695d43c","Warnings":null}
    http_version: 
  recorded_at: Tue, 16 Dec 2014 22:01:48 GMT
- request:
    method: post
    uri: "<DOCKER_HOST>/v1.16/containers/892c37428bd47589f5cb3b96d3430c80f34d7bcc011c4f9818d04fa42695d43c/start"
    body:
      encoding: UTF-8
      string: "{}"
    headers:
      User-Agent:
      - Swipely/Docker-API 1.17.0
      Content-Type:
      - application/json
  response:
    status:
      code: 204
      message: 
    headers:
      Date:
      - Tue, 16 Dec 2014 22:01:48 GMT
    body:
      encoding: UTF-8
      string: ''
    http_version: 
  recorded_at: Tue, 16 Dec 2014 22:01:48 GMT
- request:
    method: post
    uri: "<DOCKER_HOST>/v1.16/containers/892c37428bd47589f5cb3b96d3430c80f34d7bcc011c4f9818d04fa42695d43c/exec"
    body:
      encoding: UTF-8
      string: '{"Cmd":["date"]}'
    headers:
      User-Agent:
      - Swipely/Docker-API 1.17.0
      Content-Type:
      - application/json
  response:
    status:
      code: 201
      message: 
    headers:
      Content-Type:
      - application/json
      Date:
      - Tue, 16 Dec 2014 22:01:48 GMT
      Content-Length:
      - '74'
    body:
      encoding: UTF-8
      string: |
        {"Id":"521b709d1c586048e109d8dbc692b1a15343da4f32d2beb4a3fd516c60b361b4"}
    http_version: 
  recorded_at: Tue, 16 Dec 2014 22:01:48 GMT
- request:
    method: post
    uri: "<DOCKER_HOST>/v1.16/exec/521b709d1c586048e109d8dbc692b1a15343da4f32d2beb4a3fd516c60b361b4/start"
    body:
      encoding: UTF-8
      string: '{"Tty":false,"Detach":false}'
    headers:
      User-Agent:
      - Swipely/Docker-API 1.17.0
      Content-Type:
      - application/json
  response:
    status:
      code: 200
      message: 
    headers:
      Content-Type:
      - application/vnd.docker.raw-stream
    body:
      encoding: UTF-8
      string: ''
    http_version: 
  recorded_at: Tue, 16 Dec 2014 22:01:48 GMT
- request:
    method: get
    uri: "<DOCKER_HOST>/v1.16/exec/521b709d1c586048e109d8dbc692b1a15343da4f32d2beb4a3fd516c60b361b4/json"
    body:
      encoding: US-ASCII
      string: ''
    headers:
      User-Agent:
      - Swipely/Docker-API 1.17.0
      Content-Type:
      - text/plain
  response:
    status:
      code: 200
      message: 
    headers:
      Content-Type:
      - application/json
      Date:
      - Tue, 16 Dec 2014 22:01:48 GMT
      Content-Length:
      - '1886'
    body:
      encoding: UTF-8
      string: '{"ID":"521b709d1c586048e109d8dbc692b1a15343da4f32d2beb4a3fd516c60b361b4","Running":true,"ExitCode":0,"ProcessConfig":{"privileged":false,"user":"","tty":false,"entrypoint":"date","arguments":[]},"OpenStdin":false,"OpenStderr":false,"OpenStdout":false,"Container":{"State":{"Running":true,"Paused":false,"Restarting":false,"OOMKilled":false,"Pid":2452,"ExitCode":0,"Error":"","StartedAt":"2014-12-16T22:01:48.791599385Z","FinishedAt":"0001-01-01T00:00:00Z"},"ID":"892c37428bd47589f5cb3b96d3430c80f34d7bcc011c4f9818d04fa42695d43c","Created":"2014-12-16T22:01:48.274863897Z","Path":"sleep","Args":["300"],"Config":{"Hostname":"892c37428bd4","Domainname":"","User":"","Memory":0,"MemorySwap":0,"CpuShares":0,"Cpuset":"","AttachStdin":false,"AttachStdout":false,"AttachStderr":false,"PortSpecs":null,"ExposedPorts":null,"Tty":false,"OpenStdin":false,"StdinOnce":false,"Env":["PATH=/usr/local/sbin:/usr/local/bin:/usr/sbin:/usr/bin:/sbin:/bin"],"Cmd":["sleep","300"],"Image":"debian:wheezy","Volumes":null,"WorkingDir":"","Entrypoint":[],"NetworkDisabled":false,"MacAddress":"","OnBuild":null},"Image":"f6fab3b798be3174f45aa1eb731f8182705555f89c9026d8c1ef230cbf8301dd","NetworkSettings":{"IPAddress":"172.17.0.99","IPPrefixLen":16,"MacAddress":"02:42:ac:11:00:63","Gateway":"172.17.42.1","Bridge":"docker0","PortMapping":null,"Ports":{}},"ResolvConfPath":"/mnt/sda1/var/lib/docker/containers/892c37428bd47589f5cb3b96d3430c80f34d7bcc011c4f9818d04fa42695d43c/resolv.conf","HostnamePath":"/mnt/sda1/var/lib/docker/containers/892c37428bd47589f5cb3b96d3430c80f34d7bcc011c4f9818d04fa42695d43c/hostname","HostsPath":"/mnt/sda1/var/lib/docker/containers/892c37428bd47589f5cb3b96d3430c80f34d7bcc011c4f9818d04fa42695d43c/hosts","Name":"/condescending_newton","Driver":"aufs","ExecDriver":"native-0.2","MountLabel":"","ProcessLabel":"","AppArmorProfile":"","RestartCount":0,"Volumes":{},"VolumesRW":{}}}'
    http_version: 
  recorded_at: Tue, 16 Dec 2014 22:01:48 GMT
- request:
    method: post
    uri: "<DOCKER_HOST>/v1.16/containers/892c37428bd47589f5cb3b96d3430c80f34d7bcc011c4f9818d04fa42695d43c/kill"
    body:
      encoding: US-ASCII
      string: ''
    headers:
      User-Agent:
      - Swipely/Docker-API 1.17.0
      Content-Type:
      - text/plain
  response:
    status:
      code: 204
      message: 
    headers:
      Date:
      - Tue, 16 Dec 2014 22:01:50 GMT
    body:
      encoding: UTF-8
      string: ''
    http_version: 
  recorded_at: Tue, 16 Dec 2014 22:01:50 GMT
- request:
    method: delete
    uri: "<DOCKER_HOST>/v1.16/containers/892c37428bd47589f5cb3b96d3430c80f34d7bcc011c4f9818d04fa42695d43c"
    body:
      encoding: US-ASCII
      string: ''
    headers:
      User-Agent:
      - Swipely/Docker-API 1.17.0
      Content-Type:
      - text/plain
  response:
    status:
      code: 204
      message: 
    headers:
      Date:
      - Tue, 16 Dec 2014 22:01:50 GMT
    body:
      encoding: UTF-8
      string: ''
    http_version: 
  recorded_at: Tue, 16 Dec 2014 22:01:50 GMT
recorded_with: VCR 2.9.3
