---
http_interactions:
- request:
    method: post
    uri: "<DOCKER_HOST>/v1.16/containers/create"
    body:
      encoding: UTF-8
      string: '{"Cmd":["sleep","300"],"Image":"debian:wheezy"}'
    headers:
      User-Agent:
      - Swipely/Docker-API 1.21.0
      Content-Type:
      - application/json
  response:
    status:
      code: 201
      message: 
    headers:
      Content-Type:
      - application/json
      Date:
      - Sat, 04 Apr 2015 12:35:59 GMT
      Content-Length:
      - '90'
    body:
      encoding: UTF-8
      string: |
        {"Id":"88bfa49a2907c6d3067c722f5386c764f445f942b61a31dcfae5421075e78161","Warnings":null}
    http_version: 
  recorded_at: Sat, 04 Apr 2015 12:35:59 GMT
- request:
    method: post
    uri: "<DOCKER_HOST>/v1.16/containers/88bfa49a2907c6d3067c722f5386c764f445f942b61a31dcfae5421075e78161/start"
    body:
      encoding: UTF-8
      string: "{}"
    headers:
      User-Agent:
      - Swipely/Docker-API 1.21.0
      Content-Type:
      - application/json
  response:
    status:
      code: 204
      message: 
    headers:
      Date:
      - Sat, 04 Apr 2015 12:35:59 GMT
    body:
      encoding: UTF-8
      string: ''
    http_version: 
  recorded_at: Sat, 04 Apr 2015 12:35:59 GMT
- request:
    method: post
    uri: "<DOCKER_HOST>/v1.16/containers/88bfa49a2907c6d3067c722f5386c764f445f942b61a31dcfae5421075e78161/exec"
    body:
      encoding: UTF-8
      string: '{"Cmd":["date"]}'
    headers:
      User-Agent:
      - Swipely/Docker-API 1.21.0
      Content-Type:
      - application/json
  response:
    status:
      code: 201
      message: 
    headers:
      Content-Type:
      - application/json
      Date:
      - Sat, 04 Apr 2015 12:35:59 GMT
      Content-Length:
      - '74'
    body:
      encoding: UTF-8
      string: |
        {"Id":"224b77f072a0ccf10220bb78df9de18743e207cd684a25d10a0a87624d0452bc"}
    http_version: 
  recorded_at: Sat, 04 Apr 2015 12:35:59 GMT
- request:
    method: post
    uri: "<DOCKER_HOST>/v1.16/exec/224b77f072a0ccf10220bb78df9de18743e207cd684a25d10a0a87624d0452bc/start?stderr=true&stdout=true&stream=true"
    body:
      encoding: UTF-8
      string: '{"Tty":false,"Detach":false}'
    headers:
      User-Agent:
      - Swipely/Docker-API 1.21.0
      Content-Type:
      - application/json
  response:
    status:
      code: 200
      message: 
    headers:
      Content-Type:
      - application/vnd.docker.raw-stream
    body:
      encoding: UTF-8
      string: ''
    http_version: 
  recorded_at: Sat, 04 Apr 2015 12:35:59 GMT
- request:
    method: get
    uri: "<DOCKER_HOST>/v1.16/exec/224b77f072a0ccf10220bb78df9de18743e207cd684a25d10a0a87624d0452bc/json"
    body:
      encoding: US-ASCII
      string: ''
    headers:
      User-Agent:
      - Swipely/Docker-API 1.21.0
      Content-Type:
      - text/plain
  response:
    status:
      code: 200
      message: 
    headers:
      Content-Type:
      - application/json
      Date:
      - Sat, 04 Apr 2015 12:35:59 GMT
    body:
      encoding: UTF-8
      string: '{"ID":"224b77f072a0ccf10220bb78df9de18743e207cd684a25d10a0a87624d0452bc","Running":true,"ExitCode":0,"ProcessConfig":{"privileged":false,"user":"","tty":false,"entrypoint":"date","arguments":[]},"OpenStdin":false,"OpenStderr":false,"OpenStdout":false,"Container":{"State":{"Running":true,"Paused":false,"Restarting":false,"OOMKilled":false,"Pid":18399,"ExitCode":0,"Error":"","StartedAt":"2015-04-04T12:35:59.595486355Z","FinishedAt":"0001-01-01T00:00:00Z"},"ID":"88bfa49a2907c6d3067c722f5386c764f445f942b61a31dcfae5421075e78161","Created":"2015-04-04T12:35:59.08926568Z","Path":"sleep","Args":["300"],"Config":{"Hostname":"88bfa49a2907","Domainname":"","User":"","Memory":0,"MemorySwap":0,"CpuShares":0,"Cpuset":"","AttachStdin":false,"AttachStdout":false,"AttachStderr":false,"PortSpecs":null,"ExposedPorts":null,"Tty":false,"OpenStdin":false,"StdinOnce":false,"Env":["PATH=/usr/local/sbin:/usr/local/bin:/usr/sbin:/usr/bin:/sbin:/bin"],"Cmd":["sleep","300"],"Image":"debian:wheezy","Volumes":null,"WorkingDir":"","Entrypoint":null,"NetworkDisabled":false,"MacAddress":"","OnBuild":null},"Image":"1265e16d0c286a4252c1dc5e775ba476d9560e2dd96d2032605ee75b30912f6b","NetworkSettings":{"IPAddress":"172.17.1.164","IPPrefixLen":16,"MacAddress":"02:42:ac:11:01:a4","LinkLocalIPv6Address":"fe80::42:acff:fe11:1a4","LinkLocalIPv6PrefixLen":64,"GlobalIPv6Address":"","GlobalIPv6PrefixLen":0,"Gateway":"172.17.42.1","IPv6Gateway":"","Bridge":"docker0","PortMapping":null,"Ports":{}},"ResolvConfPath":"/mnt/sda1/var/lib/docker/containers/88bfa49a2907c6d3067c722f5386c764f445f942b61a31dcfae5421075e78161/resolv.conf","HostnamePath":"/mnt/sda1/var/lib/docker/containers/88bfa49a2907c6d3067c722f5386c764f445f942b61a31dcfae5421075e78161/hostname","HostsPath":"/mnt/sda1/var/lib/docker/containers/88bfa49a2907c6d3067c722f5386c764f445f942b61a31dcfae5421075e78161/hosts","Name":"/pensive_bartik","Driver":"aufs","ExecDriver":"native-0.2","MountLabel":"","ProcessLabel":"","AppArmorProfile":"","RestartCount":0,"UpdateDns":false,"Volumes":{},"VolumesRW":{},"AppliedVolumesFrom":null}}'
    http_version: 
  recorded_at: Sat, 04 Apr 2015 12:35:59 GMT
- request:
    method: post
    uri: "<DOCKER_HOST>/v1.16/containers/88bfa49a2907c6d3067c722f5386c764f445f942b61a31dcfae5421075e78161/kill"
    body:
      encoding: US-ASCII
      string: ''
    headers:
      User-Agent:
      - Swipely/Docker-API 1.21.0
      Content-Type:
      - text/plain
  response:
    status:
      code: 204
      message: 
    headers:
      Date:
      - Sat, 04 Apr 2015 12:35:59 GMT
    body:
      encoding: UTF-8
      string: ''
    http_version: 
  recorded_at: Sat, 04 Apr 2015 12:36:00 GMT
- request:
    method: delete
    uri: "<DOCKER_HOST>/v1.16/containers/88bfa49a2907c6d3067c722f5386c764f445f942b61a31dcfae5421075e78161"
    body:
      encoding: US-ASCII
      string: ''
    headers:
      User-Agent:
      - Swipely/Docker-API 1.21.0
      Content-Type:
      - text/plain
  response:
    status:
      code: 204
      message: 
    headers:
      Date:
      - Sat, 04 Apr 2015 12:36:00 GMT
    body:
      encoding: UTF-8
      string: ''
    http_version: 
  recorded_at: Sat, 04 Apr 2015 12:36:00 GMT
recorded_with: VCR 2.9.3
